// Jest Snapshot v1, https://goo.gl/fbAQLP

exports[`App has a valid snapshop 1`] = `
<div
  className="page"
>
  <div
    className="interactions"
  >
    <form
      onSubmit={[Function]}
    >
      <input
        onChange={[Function]}
        type="text"
        value="redux"
      />
      <button
        type="submit"
      >
        Filter by
      </button>
    </form>
  </div>
  <div
    className="table"
  />
  <div
    className="interactions"
  >
    <button
      onClick={[Function]}
      type="button"
    >
      More
    </button>
  </div>
</div>
`;

exports[`Button has a valid snapshop 1`] = `
<button
  type="button"
>
  Give Me More
</button>
`;

exports[`Search has a valid snapshop 1`] = `
<form>
  <input
    type="text"
  />
  <button
    type="submit"
  >
    Search
  </button>
</form>
`;

exports[`Table has a valid snapshop 1`] = `
<div
  className="table"
>
  <div
    className="table-row"
  >
    <span
      style={
        Object {
          "width": "40%",
        }
      }
    >
      <a>
        1
      </a>
    </span>
    <span
      style={
        Object {
          "width": "30%",
        }
      }
    >
       Author: 
      1
    </span>
    <span
      style={
        Object {
          "width": "10%",
        }
      }
    >
       Comments: 
      1
    </span>
    <span
      style={
        Object {
          "width": "10%",
        }
      }
    >
       Points: 
      2
    </span>
    <span
      style={
        Object {
          "width": "10%",
        }
      }
    >
      <button
        onClick={[Function]}
        type="button"
      >
        Dismiss
      </button>
    </span>
  </div>
  <div
    className="table-row"
  >
    <span
      style={
        Object {
          "width": "40%",
        }
      }
    >
      <a>
        2
      </a>
    </span>
    <span
      style={
        Object {
          "width": "30%",
        }
      }
    >
       Author: 
      2
    </span>
    <span
      style={
        Object {
          "width": "10%",
        }
      }
    >
       Comments: 
      1
    </span>
    <span
      style={
        Object {
          "width": "10%",
        }
      }
    >
       Points: 
      2
    </span>
    <span
      style={
        Object {
          "width": "10%",
        }
      }
    >
      <button
        onClick={[Function]}
        type="button"
      >
        Dismiss
      </button>
    </span>
  </div>
</div>
`;
